WARNING: If MPI_Abort is called during execution, result files could not be copied.
Running: /root/mm/envs/aster/bin/run_aster -w /home/user/aas-corner-fe/wd/v8c100_V --status-file /root/.tmp_run_aster/run_aster_2fvda0v2/__status__ --no-mpi /root/.tmp_run_aster/run_aster_2fvda0v2/v8c100_V.0

# ------------------------------------------------------------------------------
Execution of code_aster

# ------------------------------------------------------------------------------
Prepare environment in /home/user/aas-corner-fe/wd/v8c100_V

# ------------------------------------------------------------------------------
Command file #1 / 15
Traceback (most recent call last):
  File "<frozen runpy>", line 203, in _run_module_as_main
  File "<frozen runpy>", line 88, in _run_code
  File "/root/mm/envs/aster/lib/python3.14/site-packages/run_aster/run_aster_main.py", line 537, in <module>
    sys.exit(main())
             ~~~~^^
  File "/root/mm/envs/aster/lib/python3.14/site-packages/run_aster/run_aster_main.py", line 523, in main
    status = calc.execute(workdir)
  File "/root/mm/envs/aster/lib/python3.14/site-packages/run_aster/run.py", line 162, in execute
    status = self._execute()
  File "/root/mm/envs/aster/lib/python3.14/site-packages/run_aster/run.py", line 178, in _execute
    status = self.execute_study()
  File "/root/mm/envs/aster/lib/python3.14/site-packages/run_aster/run.py", line 217, in execute_study
    comm = self.change_comm_file(comm)
  File "/root/mm/envs/aster/lib/python3.14/site-packages/run_aster/run.py", line 415, in change_comm_file
    with open(comm, "rb") as fobj:
         ~~~~^^^^^^^^^^^^
FileNotFoundError: [Errno 2] No such file or directory: '/home/user/aas-corner-fe/jobs/jobs/v8c100_V_s00.comm'
